[   0.000000] inuxersion 4.1.05-geneic(buildd@lg01-a64006) (gcc vrson 74.(Ubutu.4.0-1ubuntu1~1.04.1)) #74buntu SMP Tue Sep 17 17:06:04 UTC 2019 (Ubuntu 4.15.0-65.74-generic 4.15.18)
[    0.000000] Command line: BOOT_IMAGE=/boot/vmlinuz-4.15.0-65-generic root=UUID=f3638ad1-09b3-4522-a2a0-7cc460e907bc ro console=tty1 console=ttyS0
[    0.000000] KERNEL supported cpus:
[    0.000000]   Intel GenuineIntel
[    0.000000]   AMD AuthenticAMD
[    0.000000]   Centaur CentaurHauls
[    0.000000] x86/fpu: Supporting XSAVE feature 0x001: 'x87 floating point registers'
[    0.000000] x86/fpu: Supporting XSAVE feature 0x002: 'SSE registers'
[    0.000000] x86/fpu: SupportingXSAVE feature 0x004: 'AVX registers'
[    0.00000]x86/f: stat_oset[2]  6, xta_siz[2:  2
[    0.000000] x86/fpu: Enabled xstate features 0x7, context size is 832 bytes, using 'standard' format.
[    0.000000] e820: BIOSprided pyscal RAM ap
[    0.00000] IOS-e820: [mem 0x0000000000000-000000009fbff]sable[   0.0000] BIOS-e820 [mem 0x00000000009fc0-0x000000000009ffff] reserved
[    0.000000] BIOS-e820: [mem 0x00000000000f0000-0x00000000000fffff] reserved
[    0.000000] BIOS-e820: [mem 0x0000000000100000-0x000000003ffeffff] usable
[    0.000000] BIOS-e820: [mem 0x000000003fff0000-0x000000003fffffff] ACPI data
[    0.000000] BIOS-e820: [mem 0x00000000fec00000-0x00000000fec00fff] reserved
[    0.000000] BIOS-e820: [mem 0x00000000fee00000-0x00000000fee00fff] reserved
[    0.000000] BIOS-e820: [mem 0x00000000fffc0000-0x00000000ffffffff] reserved
[    0.000000] NX (Execute Disable) protection: active
[    0.000000] SMBIOS 2.5 present.
[    0.000000] DMI: innotek GmbH VirtualBox/VirtualBox, BIOS VirtualBox 12/01/2006
[    0.000000] Hypervisor detected: KVM
[    0.000000] e820: last_pfn = 0x3fff0 max_arch_pfn = 0x400000000
[    0.00000 MTR: sabled
[    0.000000] x86/PAT: MTs disale skiin PAT initilition too.
[    0.000000] CPU MTRRs allblk - virtalzed system
[    0.000000] x86/PAT: Configuration [0-7]: W  T  UC-C WB  WT  - UC
    00000]found SMP MP-table at [mem 0x0009fff0-0x0009ffff]
[    0.000000] Scanning 1 areas for low memory corruption
[    0.000000] RAMDISK:[mem 0x35981000-0x36cb7fff]
[    0.000000] ACPI: Early table checksum verification disabled
[    0.000000] ACPI: RSDP 0x00000000000E0000 000024 (v02 VBOX  )
[    0.000000] ACPI: XSDT 0x000000003FFF0030 00003C (v01 VBOX   VBOXXSDT 00000001 ASL  00000061)
[    0.000000] ACPI: FACP 0x000000003FFF00F0 0000F4 (v04 VBOX   VBOXFACP 00000001 ASL  00000061)
[    0.000000] ACPI: DSDT 0x000000003FFF0470 0021FF (v02 VBOX   VBOXBIOS 00000002 INTL 20100528)
[    0.000000] ACPI: FACS 0x000000003FFF0200 000040
[    0.000000] ACPI: FACS 0x000000003FFF0200 000040
[    0.000000] ACPI: APIC 0x000000003FFF0240 00005C (v02 VBOX   VBOXAPIC 00000001 ASL  00000061)
[    0.000000] ACPI: SSDT 0x000000003FFF02A0 0001CC (v01 VBOX   VBOXCPUT 00000002 INTL 20100528)
[    0.000000] No NUMA configuration found
[    0.000000] Faking a node at [mem 0x0000000000000000-0x000000003ffeffff]
[    0.000000] NODE_DATA(0) allocated [mem 0x3ffc5000-0x3fffff
[   0.000] k-cock:cp0, msr 0ff441,prima cpucloc
   0.000] kv-cck: in msrs 4b564d01 and 4b564d00
  0.000000] kvm-clock:singchd ofseof 382540321 cycles
[   .000000] clocksource: kvm-clock: mask: 0xffffffffffffffff max_cycles: 0x1cd42e4dffb, max_idle_ns: 881590591483 ns
[    0.000000] Zone ranges:
[    0.000000]   DMA      [mem 0x0000000000001000-0x0000000000ffffff]
[    0.000000]   DMA32    [mem 0x0000000001000000-0x000000003ffeffff]
[    0.000000]   Normal   empty
[    0.000000]   Device   empty
[    0.000000] Movable zone start for each node
[    0.000000] Early memory node ranges
[    0.000000]   node   0: [mem 0x0000000000100-0000000009eff]
[    00000]   od   0 [m 0x0000000100000-0x000000003feff][   0.000] Rered b uavailable: 9 pages
[   0.0000 Iniemsetup node 0[mem0x0000000000001000-0x000000003ffeffff]
[    0.000000] ACPI: PM-Timer IO Port: 0x4008
[    0.000000] IOAPIC[0]: apic_id 2, version 32, address 0xfec00000, GSI 0-23
[    0.000000] ACPI: INT_SRC_OVR (bus 0 bus_irq 0 global_irq 2 dfl dfl)
[    0.000000] ACPI: INT_SRC_OVR (bus 0 bus_irq 9 global_irq 9 low level)
[    0.000000] Using ACPI (MADT) for SMP configuration information
[    0.000000] smpboot: Allowing 2 CPUs, 0 hotplug CPUs
[    0.000000] PM: Registered nosave memory: [mem 0x00000000-0x00000fff]
[    0.000000] PM: Registred nosave memory: [mem 0x0009f000-0x0009ffff]
[    0.000000] PM: Registered nosave memory: [mem 0x000a0000-0x000effff]
[    0.000000] PM: Registered nosave memory: [mem 0x000f0000-0x000fffff]
[    0.000000] e820: [mem 0x40000000-0xfebfffff] available for PCI devices
[    0.000000] Booting paravirtualized kernel on KVM
[    0.000000] clocksource: refined-jiffies: mask: 0xffffffff max_cycles: 0xffffffff, max_idle_ns: 7645519600211568 ns
[    0.000000] random: get_random_bytes called from start_kernel+0x99/0x4fd with crng_init=0
[    0.000000] setup_percpu: NR_CPUS:8192 nr_cpumask_bit:2r_cpu_ids:2 nr_node_ids:1[    0.00000] percpu: Embedded 46 pags/pu s152 r89228672 u1085
[    0.000000] P qspinckhashtae entries: 26 (ordr:0, 4096 bytes)
[    00000] Buil 1zoneis, mobiit grouping on.  Total pages: 257913
    0.000000] Policy zone: DMA32
[    0.000000] Kernel ommand line: BOOT_IMAGE=/boot/vmlinuz-4.15.0-65-generic root=UUID=f3638ad1-09b3-4522-a2a0-7cc460e907bc ro console=tty1 console=ttyS0
[    0.000000] Meor 982904K108120K vailale(12300 krnelod, 2481K rwta 4256Krota, 246Kinit 28K bss 616K seved, 0K cm-resve)
[  0.0000 SUB: Wagn=6 Oder=-3, inObjects=0, CPUs=2, Nodes=1
[    0.000000] Kernel/User page tables isolation: enabled
[    0.000000] ftrace: allocatng 3930 entries in 154 pages
[    0.004000] Hierrchical RCU iplementation.
[    0.004000] 	RCU restricting CPUs from NR_CPUS=8192 to nr_cpu_ids=2.
[    0.004000] 	TaksCU ebld.[   0.0000 RCU Austing geometry for rcu_fanout_leaf=16, nrcpids=2[   .04000] _IRQ: 4544nrirqs: 40preallocated irqs: 16
[    0.004000] Console: colour VGA80x25
[    0.004000] console [tty1] enabled
[    0.004000] console[ttyS0] enabled
[    0.004000] ACPI: Core revision 20170831
[    0.004000] ACPI: 2 ACPI AML tables successfully acquired and loaded
[    0.004000] APIC: Switch to symmetric I/Omode setup
[    0.004215] x2apic enabled
[    0.008006] Switched APIC routing to physical x2apic.
[    0.012800] ..TIMER: vector=0x30 apic1=0 pin1=2 apic2=-1 pin2=-1
[    0.016006] tsc: Detected 2400.000 MHz processor
[    0.020012] Calibrating delay loop (skipped) preset value.. 4800.00 BogoMIPS (lpj=9600000)
[    0.024008] pid_max: default: 32768 minimum: 301
[    0.028039] Security Framework initialized
[    0.032004] Yama: becoming mindful.
[    0.036026] AppArmor: AppArmor initialized
[    0.041509] Dentry cache hash table entries: 131072 (order: 8, 1048576 bytes)
[    0.044098] Inode-cache hash table entries: 65536 (order: 7, 524288 bytes)
[    0.048027] Mount-cache hash table entries: 2048 (order: 2, 16384 bytes)
[    0.052015] Mountpoint-cache hash table entries: 2048 (order: 2, 16384 bytes)
[    0.056279] Last level iTLB entries: 4KB 64, 2MB 8, 4MB 8
[    0.060008] Last level dTLB entries: 4KB 64, 2MB 0, 4MB 0, 1GB 4
[    0.064027] Spectre V1 : Mitigation: usercopy/swapgs barriers and __user pointer sanitization
[    0.068008] Spectre V2 : Mitigation: Full generic retpoline
[    0.070000] Spectre V2 : Spectre v2 / SpectreRSB mitigation: Filling RSB on context switch
[    0.072007] Speculative Store Bypass: Vulnerable
[    0.076046] MDS: Vulnerable: Clear CPU buffers attempted, no microcode
[    0.080209] Freeing SMP alternatives memory: 36K
[    0.193747] APIC calibration not consistent with PM-Timer: 98ms instead of 100ms
[    0.196000] APIC delta adjusted to PM-Timer: 6244669 (6179511)
[    0.196075] smpboot: CPU0: Intel(R) Core(TM) i5-8279U CPU @ 2.40GHz (family: 0x6, model: 0x8e, stepping: 0xa)
[    0.198002] Performance Events: unsupported p6 CPU model 142 no PMU driver, software events only.
[    0.199695] Hierarchical SRCU implementation.
[    0.200493] NMI watchdog: Perf event create on CPU 0 failed with -2
[    0.201762] NMI watchdog: Perf NMI watchdog permanently disabled
[    0.204127] smp: Bringing up secondary CPUs ...
[    0.208108] x86: Booting SMP configuration:
[    0.212005] .... node  #0, CPUs:      #1
[    0.004000] kvm-clock: cpu 1, msr 0:3ff44041, secondary cpu clock
[    0.322528] smp: Brought up 1 node, 2 CPUs
[    0.324048] smpboot: Max logical packages: 1
[    0.328010] smpboot: Total of 2 processors activated (9600.00 BogoMIPS)
[    0.332169] devtmpfs: initialized
[    0.332775] x86/mm: Memory block size: 128MB
[    0.336028] evm: security.selinux
[    0.336700] evm: security.SMACK64
[    0.337364] evm: security.SMACK64EXEC
[    0.338087] evm: security.SMACK64TRANSMUTE
[    0.338913] evm: security.SMACK64MMAP
[    0.339637] evm: security.apparmor
[    0.340002] evm: security.ima
[    0.340610] evm: security.capability
[    0.341357] clocksource: jiffies: mask: 0xffffffff max_cycles: 0xffffffff, max_idle_ns: 7645041785100000 ns
[    0.344023] futex hash table entries: 512 (order: 3, 32768 bytes)
[    0.349490] pinctrl core: initialized pinctrl subsystem
[    0.352155] RTC time: 13:22:22, date: 10/25/19
[    0.356221] NET: Registered protocol family 16
[    0.360088] audit: initializing netlink subsys (disabled)
[    0.364083] audit: type=2000 audit(1572009737.126:1): state=initialized audit_enabled=0 res=1
[    0.372062] cpuidle: using governor ladder
[    0.376014] cpuidle: using governor menu
[    0.377164] ACPI: bus type PCI registered
[    0.379320] acpiphp: ACPI Hot Plug PCI Controller Driver version: 0.5
[    0.380142] PCI: Using configuration type 1 for base access
[    0.384977] HugeTLB registered 2.00 MiB page size, pre-allocated 0 pages
[    0.385749] ACPI: Added _OSI(Module Device)
[    0.388011] ACPI: Added _OSI(Processor Device)
[    0.389086] ACPI: Added _OSI(3.0 _SCP Extensions)
[    0.390360] ACPI: Added _OSI(Processor Aggregator Device)
[    0.392007] ACPI: Added _OSI(Linux-Dell-Video)
[    0.393004] ACPI: Added _OSI(Linux-Lenovo-NV-HDMI-Audio)
[    0.394335] ACPI: Added _OSI(Linux-HPI-Hybrid-Graphics)
[    0.396296] ACPI: Executed 1 blocks of module-level executable AML code
[    0.401398] ACPI: Interpreter enabled
[    0.402408] ACPI: (supports S0 S5)
[    0.403432] ACPI: Using IOAPIC for interrupt routing
[    0.404219] PCI: Using host bridge windows from ACPI; if necessary, use "pci=nocrs" and report a bug
[    0.406776] ACPI: Enabled 2 GPEs in block 00 to 07
[    0.414526] ACPI: PCI Root Bridge [PCI0] (domain 0000 [bus 00-ff])
[    0.415750] acpi PNP0A03:00: _OSC: OS supports [ASPM ClockPM Segments MSI]
[    0.416051] acpi PNP0A03:00: _OSC: not requesting OS control; OS requires [ExtendedConfig ASPM ClockPM MSI]
[    0.420026] acpi PNP0A03:00: fail to add MMCONFIG information, can't access extended PCI configuration space under this bridge.
[    0.424456] PCI host bridge to bus 0000:00
[    0.428019] pci_bus 0000:00: root bus resource [io  0x0000-0x0cf7 window]
[    0.429519] pci_bus 0000:00: root bus resource [io  0x0d00-0xffff window]
[    0.430994] pci_bus 0000:00: root bus resource [mem 0x000a0000-0x000bffff window]
[    0.432009] pci_bus 0000:00: root bus resource [mem 0x40000000-0xfdffffff window]
[    0.436015] pci_bus 0000:00: root bus resource [bus 00-ff]
[    0.441275] pci 0000:00:01.1: legacy IDE quirk: reg 0x10: [io  0x01f0-0x01f7]
[    0.444009] pci 0000:00:01.1: legacy IDE quirk: reg 0x14: [io  0x03f6]
[    0.448010] pci 0000:00:01.1: legacy IDE quirk: reg 0x18: [io  0x0170-0x0177]
[    0.452010] pci 0000:00:01.1: legacy IDE quirk: reg 0x1c: [io  0x0376]
[    0.477109] pci 0000:00:07.0: quirk: [io  0x4000-0x403f] claimed by PIIX4 ACPI
[    0.479396] pci 0000:00:07.0: quirk: [io  0x4100-0x410f] claimed by PIIX4 SMB
[    0.493601] ACPI: PCI Interrupt Link [LNKA] (IRQs 5 9 10 *11)
[    0.496490] ACPI: PCI Interrupt Link [LNKB] (IRQs 5 9 *10 11)
[    0.498209] ACPI: PCI Interrupt Link [LNKC] (IRQs 5 *9 10 11)
[    0.500158] ACPI: PCI Interrupt Link [LNKD] (IRQs 5 9 10 *11)
[    0.504385] SCSI subsystem initialized
[    0.508069] pci 0000:00:02.0: vgaarb: setting as boot VGA device
[    0.512000] pci 0000:00:02.0: vgaarb: VGA device added: decodes=io+mem,owns=io+mem,locks=none
[    0.512010] pci 0000:00:02.0: vgaarb: bridge control possible
[    0.516003] vgaarb: loaded
[    0.520051] ACPI: bus type USB registered
[    0.524034] usbcore: registered new interface driver usbfs
[    0.528030] usbcore: registered new interface driver hub
[    0.532043] usbcore: registered new device driver usb
[    0.536098] EDAC MC: Ver: 3.0.0
[    0.540354] PCI: Using ACPI for IRQ routing
[    0.544691] NetLabel: Initializing
[    0.548004] NetLabel:  domain hash size = 128
[    0.552004] NetLabel:  protocols = UNLABELED CIPSOv4 CALIPSO
[    0.553371] NetLabel:  unlabeled traffic allowed by default
[    0.556133] clocksource: Switched to clocksource kvm-clock
[    0.569162] VFS: Disk quotas dquot_6.6.0
[    0.572371] VFS: Dquot-cache hash table entries: 512 (order 0, 4096 bytes)
[    0.574214] AppArmor: AppArmor Filesystem Enabled
[    0.575505] pnp: PnP ACPI init
[    0.577524] pnp: PnP ACPI: found 3 devices
[    0.591657] clocksource: acpi_pm: mask: 0xffffff max_cycles: 0xffffff, max_idle_ns: 2085701024 ns
[    0.593804] NET: Registered protocol family 2
[    0.594881] TCP established hash table entries: 8192 (order: 4, 65536 bytes)
[    05918] TP bind hash table entries: 8192 (order: 5, 131072 bytes)
[    0.691327] TCP: Hash tables configured (established 8192 bind 819
[   736617] UDP hash table entries: 512 (order: 2, 16384 bytes)
[    0.805729] UDP-Lite hash table entries: 512 (order: 2, 16384 bytes)
[    0.807251] NET: Registered protocol family 1
[    0.808508] pci 0000:00:00.0: Limiting direct PCI/PCI trnser
[  0911]ci00:00:01: ctivatin I D hg rkous  1.00] pci 0000:00:02.0: Video device with shadowed ROM a [mem 0x000c0000-0x000dffff]
[    1.678386] Unpacking initramfs...

[    1.910036] Freeing initrd memory: 19676K
[    2.021108] clocksource: tsc: mask: 0xffffffffffffffff max_cycles: 0x22983777dd9, max_idle_ns: 440795300422 ns
[    2.284163] platform rtc_cmos: registered platform RTC device (no PNP device found)
[    2.510465] Scanning for low memory corruption every 60 seconds
[    2.660972] Initialise system trusted keyrings
[    2.720498] Key type blacklist registered
[    2.733991] workingset: timestamp_bits=36 max_order=18 bucket_order=0
[    2.742239] zbud: loaded
[    2.743622] squashfs: version 4.0 (2009/01/31) Phillip Lougher
[    2.745459] fuse init (API version 7.26)
[    2.750639] Key type asymmetric registered
[    2.751834] Asymmetric key parser 'x509' registered
[    2.756763] Block layer SCSI generic (bsg) driver version 0.4 loaded (major 246)
[    2.758594] io scheduler noop registered
[    2.759534] io scheduler deadline registered
[    2.760656] io scheduler cfq registered (default)
[    2.762215] ACPI: AC Adapter [AC] (off-line)
[    2.763660] input: Power Button as /devices/LNXSYSTM:00/LNXPWRBN:00/input/input0
[    2.765780] ACPI: Power Button [PWRF]
[    2.766916] input: Sleep Button as /devices/LNXSYSTM:00/LNXSLPBN:00/input/input1
[    2.770078] ACPI: Sleep Button [SLPF]
[    2.772282] Serial: 8250/16550 driver, 32 ports, IRQ sharing enabled
[    2.772664] ACPI: Battery Slot [BAT0] (battery present)
[    2.799092] 00:02: ttyS0 at I/O 0x3f8 (irq = 4, base_baud = 115200) is a 66550A
[    3.094122] Linux agpgart interface v0.103
[    3.275193] loop: module loaded
[    3.364650] scsi host0: ata_piix
[    3.476015] scsi hos11  tt__iiix
[    3.693272]aaaa1: PATA max UDMA/33 cmd 0x1f0 ctl 0x3f6 bmdma 0xd000 irq 14
[    3.830576] ata2: PATA max UDMA/33 cmd 0x170 ctl 0x376 bmdma 0xd008 irq 15
[    3.833857] libphy: Fixed MDIO Bus: probed
[    3.835006] tun: Universal TUN/TAP device driver, 1.6
[    3.836359] PPP generic driver version 2.4.2
[    3.837520] ehci_hcd: USB 2.0 'Enhanced' Host Controller (EHCI) Driver
[    3.840876] ehci-pci: EHCI PCI platform driver
[    3.841968] ehci-platform: EHCI generic platform driver
[    3.843372] ohci_hcd: USB 1.1 'Open' Host Controller (OHCI) Driver
[    3.844908] ohci-pci: OHCI PCI platform driver
[    3.845987] ohci-platform: OHCI generic platform driver
[    3.847296] uhci_hcd: USB Universal Host Controller Interface driver
[    3.849080] i8042: PNP: PS/2 Controller [PNP0303:PS2K,PNP0f03:PS2M] at 0x60,0x64 irq 1,12
[    3.855435] serio: i8042 KBD port at 0x60,0x64 irq 1
[    3.856921] serio: i8042 AUX port at 0x60,0x64 irq 12
[    3.858284] mousedev: PS/2 mouse device common for all mice
[    3.859896] input: AT Translated Set 2 keyboard as /devices/platform/i8042/serio0/input/input2
[    3.862544] rtc_cmos rtc_cmos: rtc core: registered rtc_cmos as rtc0
[    3.864269] rtc_cmos rtc_cmos: alarms up to one day, 114 bytes nvram
[    3.871548] i2c /dev entries driver
[    3.873662] device-mapper: uevent: version 1.0.3
[    3.874722] device-mapper: ioctl: 4.37.0-ioctl (2017-09-20) initialised: dm-devel@redhat.com
[    3.973702] ledtrig-cpu: registered to indicate activity on CPUs
[    4.154383] NET: Registered protocol family 10
[    4.357497] Segment Routing with IPv6
[    4.504573] NET: Registere  rrotocol family 17
[    4.704541] Key type dns_resolver registered
[    4.833010] mce: Using 0 MCE banks
[    4.913683] RAS: Correctable Errors collector initialized.
[    4.923593] sched_clock: Marking stable (4923511524, 0)->(15968986370, -11045474846)
[    4.931371] registered taskstats version 1
[    4.932773] Loading compiled-in X.509 certificates
[    4.936666] Loaded X.509 cert 'Build time autogenerated kernel key: 3a65b6a3c8b5d6b297d77c25be9161529933bc49'
[    4.939401] zswap: loaded using pool lzo/zbud
[    4.945029] Key type big_key registered
[    4.946039] Key type trusted registered
[    4.948949] Key type encrypted registered
[    4.950020] AppArmor: AppArmor sha1 policy hashing enabled
[    4.951429] ima: No TPM chip found, activating TPM-bypass! (rc=-19)
[    4.959210] ima: Allocated hash algorithm: sha1
[    4.960645] evm: HMAC attrs: 0x1
[    4.962056]   Magic number: 7:106:383
[    4.963159] rtc_cmos rtc_cmos: setting system clock to 2019-10-25 13:22:27 UTC (1572009747)
[    4.983602] BIOS EDD facility v0.16 2004-Jun-25, 0 deiice  found
[    5.315921] EDD information not avaiaable.
[    5.577663] Freeing unused kernel image memory: 2436K
[    5.748518] Write protecting the kernel read-only data: 20480k
[    6.009545] Freeing unused kernel image memory: 2008K
[    6.015204] Freeing unused kernel image memory: 1888K
[    6.022939] x86/mm: Checked W+X mappings: passed, no W+X pages found.
[    6.024682] x86/mm: Checking user space page tables
[    6.030267] x86/mm: Checked W+X mappings: passed, no W+X pages found.
Loading, please wait...
starting version 237
[    6.106173] e1000: Intel(R) PRO/1000 Network Driver - version 7.3.21-k8-NAPI
[    6.443607] e1000: Copyright (c) 1999-2006 Intel Corporation.
[    6.526465] Fusion MPT base driver 3.04.20
[    6.652572] Copyright (c) 1999-2008 LSI Corporation
[    6.773671] input: ImExPS/2 Generic Explorer Mouse as /devices/platform/i8042/serio1/input/input4
[    6.938458] Fusion MPT SPI Host driver 3.04.20
[    6.977723] AVX2 version of gcm_enc/dec engaged.
[    6.978727] AES CTR mode by8 optimization enabled
[    7.305849] e1000 0000:00:03.0 eth0: (PCI:33MHz:32-bit) 02:76:54:76:58:75
[    8.296507] e1000 0000:00:03.0 eth0: Intel(R) PRO/1000 Network Connection
[    9.306001] mptbase: ioc0: Initiating bringup
[    9.993812] ioc0: LSI53C1030 A0: Capabilities={Initiator}
[   11.993412] scsi host2: ioc0: LSI53C1030 A0, FwRev=00000000h, Ports=1, MaxQ=256, IRQ=20
[   14.214500] scsi 2:0:0:0: Direct-Access     VBOX     HARDDISK         1.0  PQ: 0 ANSI: 5
[   14.564656] scsi target2:0:0: Beginning Domain Validation
[   14.604704] e1000 0000:00:08.0 eth1: (PCI:33MHz:32-bit) 08:00:27:b6:13:f0
[   15.871453] e1000 0000:00:08.0 eth1: Intel(R) PRO/1000 Network Connection
[   16.173443] e1000 0000:00:03.0 enp0s3: renamed from eth0
[   16.278992] scsi target2:0:0: Domain Validation skipping write tests
[   16.280259] scsi target2:0:0: Ending Domain Validation
[   16.281308] scsi target2:0:0: asynchronous
[   16.282580] scsi 2:0:1:0: Direct-Access     VBOX     HARDDISK         1.0  PQ: 0 ANSI: 5
[   16.292739] e1000 0000:00:08.0 enp0s8: renamed from eth1
[   16.528259] scsi target2:0:1: Beginning Domain Validation
[   16.724241] random: fast init done
[   17.174582] scsi target2:0:1: Domain Validation skipping write tests
[   17.175744] scsi target2:0:1: Ending Domain Validation
[   17.176765] scsi target2:0:1: asynchronous
[   17.180855] random: systemd-udevd: uninitialized urandom read (16 bytes read)
[   17.182163] random: systemd-udevd: uninitialized urandom read (16 bytes read)
[   17.183449] random: systemd-udevd: uninitialized urandom read (16 bytes read)
[   17.185239] sd 2:0:0:0: [sda] 20971520 512-byte logical blocks: (10.7 GB/10.0 GiB)
[   17.186655] sd 2:0:0:0: Attached scsi generic sg0 type 0
[   17.187651] sd 2:0:0:0: [sda] Write Protect is off
[   17.188771] sd 2:0:0:0: [sda] Incomplete mode parameter data
[   17.189811] sd 2:0:0:0: [sda] Assuming drive cache: write through
[   17.191601] sd 2:0:1:0: [sdb] 20480 512-byte logical blocks: (10.5 MB/10.0 MiB)
[   17.191609] sd 2:0:1:0: Attached scsi generic sg1 type 0
[   17.193664] sd 2:0:1:0: [sdb] Write Protect is off
[   17.195672] sd 2:0:1:0: [sdb] Incomplete mode parameter data
[   18.121511] sd 2:0:1:0: [sdb] Assuming drive cache: write through
[   18.121584]  sda: sda1
[   18.326728] sd 2:0:1:0: [sdb] Attached SCSI disk
[   18.328508] sd 2:0:0:0: [sda] Attached SCSI disk
Begin: Loading essential drivers ... [   19.688535] raid6: sse2x1   gen() 14146 MB/s
[   19.800246] raid6: sse2x1   xor() 10205 MB/s
[   19.896044] raid6: sse2x2   gen() 17006 MB/s
[   20.004204] raid6: sse2x2   xor() 11552 MB/s
[   20.140163] raid6: sse2x4   gen() 19997 MB/s
[   20.252283] raid6: sse2x4   xor() 11234 MB/s
[   20.304506] raid6: avx2x1   gen() 24649 MB/s
[   20.412204] raid6: avx2x1   xor() 18749 MB/s
[   20.528305] raid6: avx2x2   gen() 33953 MB/s
[   20.628109] raid6: avx2x2   xor() 21489 MB/s
[   20.740233] raid6: avx2x4   gen() 39186 MB/s
[   20.868138] raid6: avx2x4   xor() 23322 MB/s
[   20.926444] raid6: using algorithm avx2x4 gen() 39186 MB/s
[   21.028237] raid6: .... xor() 23322 MB/s, rmw enabled
[   21.129156] raid6: using avx2x2 recovery algorithm
[   21.198107] xor: automatically using best checksumming function   avx       
[   21.334719] async_tx: api initialized (async)
done.
Begin: Running /scripts/init-premount ... done.
Begin: Mounting root file system ... Begin: Running /scripts/local-top ... done.
Begin: Running /scripts/local-premount ... [   21.400530] Btrfs loaded, crc32c=crc32c-intel
Scanning for Btrfs filesystems
done.
Warning: fsck not present, so skipping root file system
[   21.425607] EXT4-fs (sda1): mounted filesystem with ordered data mode. Opts: (null)
done.
Begin: Running /scripts/local-bottom ... done.
Begin: Running /scripts/init-bottom ... done.
[   21.608753] ip_tables: (C) 2000-2006 Netfilter Core Team
[   21.616705] systemd[1]: systemd 237 running in system mode. (+PAM +AUDIT +SELINUX +IMA +APPARMOR +SMACK +SYSVINIT +UTMP +LIBCRYPTSETUP +GCRYPT +GNUTLS +ACL +XZ +LZ4 +SECCOMP +BLKID +ELFUTILS +KMOD -IDN2 +IDN -PCRE2 default-hierarchy=hybrid)
[   21.620612] systemd[1]: Detected virtualization oracle.
[   21.621639] systemd[1]: Detected architecture x86-64.

Welcome to [1mUbuntu 18.04.3 LTS[0m!

[   21.664506] systemd[1]: Set hostname to <ubuntu-bionic>.
[   23.009317] systemd[1]: Reached target Swap.
[[0;32m  OK  [0m] Reached target Swap.
[   23.013224] systemd[1]: Created slice User and Session Slice.
[[0;32m  OK  [0m] Created slice User and Session Slice.
[   23.017701] systemd[1]: Reached target System Time Synchronized.
[[0;32m  OK  [0m] Reached target System Time Synchronized.
[   23.057251] systemd[1]: Started Forward Password Requests to Wall Directory Watch.
[[0;32m  OK  [0m] Started Forward Password Requests to Wall Directory Watch.
[   24.321691] systemd[1]: Created slice System Slice.
[[0;32m  OK  [0m] Created slice System Slice.
[   25.235986] systemd[1]: Listening on Journal Socket.
[[0;32m  OK  [0m] Listening on Journal Socket.
         Starting Remount Root a[   26.189872] EXT4-fs (sda1): re-mounted. Opts: (null)
nd Kernel File Systems...
[[0;32m  OK  [0m] Created slice system-serial\x2dgetty.slice.
         Mounting Kernel Debug File System...
         Mounting Huge Pages File System...
         Starting Create list of required stâ€¦ce nodes for the current kernel...
[[0;32m  OK  [0m] Listening on Device-mapper event daemon FIFOs.
[[0;32m  OK  [0m] Reached target Slices.
[[0;32m  OK  [0m] Listening on udev Kernel Socket.
[[0;32m  OK  [0m] Listening on LVM2 metadata daemon socket.
[   26.645740] systemd[1]: Starting Set the console keyboard layout...
         Starting Set the console keyboard layout...
[   26.796310] systemd[1]: Listening on udev Control Socket.
[[0;32m  OK  [0m] Listening on udev Control Socket.
[   26.824593] systemd[1]: Starting udev Coldplug all Devices...
         Starting udev Coldplug all Devices...
[   26.832949] systemd[1]: Set up automount Arbitrary Executable File Formats File System Automount Point.
[[0;32m  OK  [0m] Set up automount Arbitrary Executabâ€¦rmats File System Automount Point.
[   26.841326] systemd[1]: Starting Monitoring of LVM2 mirrors, snapshots etc. using dmeventd or progress polling...
         Starting Monitoring of LVM2 mirrorsâ€¦ng dmeventd or progress polling...
[   26.854866] systemd[1]: Listening on Journal Audit Socket.
[[0;32m  OK  [0m] Listening on Journal Audit Socket.
[   26.870486] systemd[1]: Starting Uncomplicated firewall...
         Starting Uncomplicated firewall...
[   26.872915] systemd[1]: Listening on /dev/initctl Compatibility Named Pipe.
[[0;32m  OK  [0m] Listening on /dev/initctl Compatibility Named Pipe.
[   27.018475] systemd[1]: Mounting POSIX Message Queue File System...
         Mounting POSIX Message Queue File System...
[   27.376830] systemd[1]: Listening on Syslog Socket.
[[0;32m  OK  [0m] Listening on Syslog Socket.
[   27.602212] random: crng init done
[   27.669662] random: 7 urandom warning(s) missed due to ratelimiting
         Starting Load Kernel Mo[   27.790268] Loading iSCSI transport class v2.0-870.
dules...
[[0;32m  OK  [0m] Listening on Network Service Netlink Socket.
[[0;32m  OK  [0m] Reached target User and Group Name Lookups.
[[0;32m  OK  [0m] Listening on LVM2 poll daemon socket.
[[0;32m  OK  [0m] Listening on Journal Socket [   27.926427] iscsi: registered transport (tcp)
(/dev/log).
         Starting Journal Service...
[   27.947766] iscsi: registered transport (iser)
[[0;32m  OK  [0m] Started Remount Root and Kernel File Systems.
[[0;32m  OK  [0m] Mounted Kernel Debug File System.
[[0;32m  OK  [0m] Mounted Huge Pages File System.
[[0;32m  OK  [0m] Started Create list of required staâ€¦vice nodes for the current kernel.
[[0;32m  OK  [0m] Started Set the console keyboard layout.
[[0;32m  OK  [0m] Started Uncomplicated firewall.
[[0;32m  OK  [0m] Started Journal Service.
[[0;32m  OK  [0m] Mounted POSIX Message Queue File System.
[[0;32m  OK  [0m] Started Load Kernel Modules.
[[0;32m  OK  [0m] Started udev Coldplug all Devices.
[[0;32m  OK  [0m] Started LVM2 metadata daemon.
         Mounting FUSE Control File System...
         Starting Apply Kernel Variables...
         Mounting Kernel Configuration File System...
         Starting Create Static Device Nodes in /dev...
         Starting Load/Save Random Seed...
         Starting Flush Journal to Persistent Storage...
[[0;32m  OK  [0m] Started Monitoring of LVM2 mirrors,â€¦sing dmeventd or progress polling.
[[0;32m  OK  [0m] Mounted FUSE Control File System.
[[0;32m  OK  [0m] Started Apply Kernel Variables.
[[0;32m  OK  [0m] Mounted Kernel Configuration File System.
[[0;32m  OK  [0m] Started Create Static Device Nodes in /dev.
[[0;32m  OK  [0m] Started Load/Save Random Seed.
         Starting udev Kernel Device Manager...
[[0;32m  OK  [0m] Reached target Local File Systems (Pre).
[[0;32m  OK  [0m] Reached target Local File Systems.
         Starting Set console font and keymap...
         Starting AppArmor initialization...
         Starting ebtables ruleset management...
         Starting Tell Plymouth To Write Out Runtime Data...
[[0;32m  OK  [0m] Started udev Kernel Device Manager.
[[0;32m  OK  [0m] Started Dispatch Password Requests to Console Directory Watch.
[[0;32m  OK  [0m] Reached target Local Encrypted Volumes.
[[0;32m  OK  [0m] Started Set console font and keymap.
[[0;32m  OK  [0m] Started Tell Plymouth To Write Out Runtime Data.
[[0;32m  OK  [0m] Started ebtables ruleset management.
[[0;32m  OK  [0m] Found device /dev/ttyS0.
[[0;32m  OK  [0m] Started Flush Journal to Persistent Storage.
[[0;32m  OK  [0m] Listening on Load/Save RF Kill Switch Status /dev/rfkill Watch.
         Starting Create Volatile Files and Directories...
[[0;32m  OK  [0m] Started Create Volatile Files and Directories.
         Starting Update UTMP about System Boot/Shutdown...
[[0;32m  OK  [0m] Started Update UTMP about System Boot/Shutdown.
[[0;32m  OK  [0m] Started AppArmor initialization.
         Starting Initial cloud-init job (pre-networking)...
[   29.801766] cloud-init[582]: Cloud-init v. 19.1-1-gbaa47854-0ubuntu1~18.04.1 running 'init-local' at Fri, 25 Oct 2019 13:22:52 +0000. Up 29.61 seconds.
[[0;32m  OK  [0m] Started Initial cloud-init job (pre-networking).
[[0;32m  OK  [0m] Reached target Network (Pre).
         Starting Network Service...
[[0;32m  OK  [0m] Started Network Service.
         Starting Wait for Network to be Configured...
         Starting Network Name Resolution...
[[0;32m  OK  [0m] Started Network Name Resolution.
[[0;32m  OK  [0m] Reached target Host and Network Name Lookups.
[[0;32m  OK  [0m] Reached target Network.
[[0;32m  OK  [0m] Started Wait for Network to be Configured.
         Starting Initial cloud-init job (metadata service crawler)...
[   32.225266] cloud-init[708]: Cloud-init v. 19.1-1-gbaa47854-0ubuntu1~18.04.1 running 'init' at Fri, 25 Oct 2019 13:22:54 +0000. Up 32.10 seconds.
[   32.236990] cloud-init[708]: ci-info: ++++++++++++++++++++++++++++++++++++++Net device info+++++++++++++++++++++++++++++++++++++++
[   32.243828] cloud-init[708]: ci-info: +--------+------+-----------------------------+---------------+--------+-------------------+
[   32.246968] cloud-init[708]: ci-info: | Device |  Up  |           Address           |      Mask     | Scope  |     Hw-Address    |
[   32.252315] cloud-init[708]: ci-info: +--------+------+-----------------------------+---------------+--------+-------------------+
[   32.256536] cloud-init[708]: ci-info: | enp0s3 | True |          10.0.2.15          | 255.255.255.0 | global | 02:76:54:76:58:75 |
[   32.259556] cloud-init[708]: ci-info: | enp0s3 | True |  fe80::76:54ff:fe76:5875/64 |       .       |  link  | 02:76:54:76:58:75 |
[   32.270208] cloud-init[708]: ci-info: | enp0s8 | True |        192.168.33.10        | 255.255.255.0 | global | 08:00:27:b6:13:f0 |
[   32.281364] cloud-init[708]: ci-info: | enp0s8 | True | fe80::a00:27ff:feb6:13f0/64 |       .       |  link  | 08:00:27:b6:13:f0 |
[   32.292268] cloud-init[708]: ci-info: |   lo   | True |          127.0.0.1          |   255.0.0.0   |  host  |         .         |
[   32.299530] cloud-init[708]: ci-info: |   lo   | True |           ::1/128           |       .       |  host  |         .         |
[   32.304153] cloud-init[708]: ci-info: +--------+------+-----------------------------+---------------+--------+-------------------+
[   32.316394] cloud-init[708]: ci-info: +++++++++++++++++++++++++++++Route IPv4 info+++++++++++++++++++++++++++++
[   32.319380] cloud-init[708]: ci-info: +-------+--------------+----------+-----------------+-----------+-------+
[   32.322405] cloud-init[708]: ci-info: | Route | Destination  | Gateway  |     Genmask     | Interface | Flags |
[   32.326681] cloud-init[708]: ci-info: +-------+--------------+----------+-----------------+-----------+-------+
[   32.330876] cloud-init[708]: ci-info: |   0   |   0.0.0.0    | 10.0.2.2 |     0.0.0.0     |   enp0s3  |   UG  |
[   32.334253] cloud-init[708]: ci-info: |   1   |   10.0.2.0   | 0.0.0.0  |  255.255.255.0  |   enp0s3  |   U   |
[   32.343218] cloud-init[708]: ci-info: |   2   |   10.0.2.2   | 0.0.0.0  | 255.255.255.255 |   enp0s3  |   UH  |
[   32.346622] cloud-init[708]: ci-info: |   3   | 192.168.33.0 | 0.0.0.0  |  255.255.255.0  |   enp0s8  |   U   |
[   32.349774] cloud-init[708]: ci-info: +-------+--------------+----------+-----------------+-----------+-------+
[   32.354178] cloud-init[708]: ci-info: +++++++++++++++++++Route IPv6 info+++++++++++++++++++
[   32.357102] cloud-init[708]: ci-info: +-------+-------------+---------+-----------+-------+
[   32.360845] cloud-init[708]: ci-info: | Route | Destination | Gateway | Interface | Flags |
[   32.380376] cloud-init[708]: ci-info: +-------+-------------+---------+-----------+-------+
[   32.382789] cloud-init[708]: ci-info: |   1   |  fe80::/64  |    ::   |   enp0s8  |   U   |
[   32.384854] cloud-init[708]: ci-info: |   2   |  fe80::/64  |    ::   |   enp0s3  |   U   |
[   32.388519] cloud-init[708]: ci-info: |   4   |    local    |    ::   |   enp0s3  |   U   |
[   32.396793] cloud-init[708]: ci-info: |   5   |    local    |    ::   |   enp0s8  |   U   |
[   32.403626] cloud-init[708]: ci-info: |   6   |   ff00::/8  |    ::   |   enp0s8  |   U   |
[   32.409634] cloud-init[708]: ci-info: |   7   |   ff00::/8  |    ::   |   enp0s3  |   U   |
[   32.429040] cloud-init[708]: ci-info: +-------+-------------+---------+-----------+-------+
[[0;32m  OK  [0m] Started Initial cloud-init job (metadata service crawler).
[[0;32m  OK  [0m] Reached target Cloud-config availability.
[[0;32m  OK  [0m] Reached target Network is Online.
         Starting Availability of block devices...
[[0;32m  OK  [0m] Reached target Remote File Systems (Pre).
[[0;32m  OK  [0m] Reached target Remote File Systems.
[[0;32m  OK  [0m] Reached target System Initialization.
[[0;32m  OK  [0m] Started Daily apt download activities.
[[0;32m  OK  [0m] Started Discard unused blocks once a week.
[[0;32m  OK  [0m] Started Daily apt upgrade and clean activities.
         Starting Socket activation for snappy daemon.
[[0;32m  OK  [0m] Started Daily Cleanup of Temporary Directories.
[[0;32m  OK  [0m] Started Message of the Day.
[[0;32m  OK  [0m] Reached target Timers.
         Starting LXD - unix socket.
[[0;32m  OK  [0m] Listening on Open-iSCSI iscsid Socket.
[[0;32m  OK  [0m] Listening on D-Bus System Message Bus Socket.
[[0;32m  OK  [0m] Listening on ACPID Listen Socket.
[[0;32m  OK  [0m] Started ACPI Events Check.
[[0;32m  OK  [0m] Reached target Paths.
[[0;32m  OK  [0m] Listening on UUID daemon activation socket.
[[0;32m  OK  [0m] Started Availability of block devices.
[[0;32m  OK  [0m] Listening on Socket activation for snappy daemon.
[[0;32m  OK  [0m] Listening on LXD - unix socket.
[[0;32m  OK  [0m] Reached target Sockets.
[[0;32m  OK  [0m] Reached target Basic System.
[[0;32m  OK  [0m] Started Deferred execution scheduler.
         Starting LSB: Record successful boot for GRUB...
         Starting LXD - container startup/shutdown...
         Starting LSB: automatic crash report generation...
[[0;32m  OK  [0m] Started Regular background program processing daemon.
[[0;32m  OK  [0m] Started irqbalance daemon.
         Starting Accounts Service...
         Starting Permit User Sessions...
         Starting Login Service...
         Starting Snappy daemon...
         Starting System Logging Service...
         Starting OpenBSD Secure Shell server...
         Starting vboxadd.service...
[[0;32m  OK  [0m] Started D-Bus System Message Bus.
[[0;32m  OK  [0m] Started FUSE filesystem for LXC.
         Starting Dispatcher daemon for systemd-networkd...
[[0;32m  OK  [0m] Started System Logging Service.
[[0;32m  OK  [0m] Started LXD - container startup/shutdown.
[[0;32m  OK  [0m] Started Permit User Sessions.
[[0;32m  OK  [0m] Started Login Service.
[[0;32m  OK  [0m] Started OpenBSD Secure Shell server.
         Starting Authorization Manager...
[[0;32m  OK  [0m] Started Unattended Upgrades Shutdown.
         Starting Hold until boot process finishes up...
         Starting Terminate Plymouth Boot Screen...
[[0;32m  OK  [0m] Started Hold until boot process finishes up.
[[0;32m  OK  [0m] Started Terminate Plymouth Boot Screen.
[[0;32m  OK  [0m] Started Serial Getty on ttyS0.
         Starting Set console scheme...
[[0;32m  OK  [0m] Started Authorization Manager.
[[0;32m  OK  [0m] Started LSB: Record successful boot for GRUB.
[[0;32m  OK  [0m] Started Accounts Service.
[[0;32m  OK  [0m] Started Set console scheme.
[[0;32m  OK  [0m] Started LSB: automatic crash report generation.
[[0;32m  OK  [0m] Created slice system-getty.slice.
[[0;32m  OK  [0m] Started Getty on tty1.
[[0;32m  OK  [0m] Reached target Login Prompts.
[[0;32m  OK  [0m] Started Snappy daemon.
         Starting Wait until snapd is fully seeded...
[[0;32m  OK  [0m] Created slice User Slice of vagrant.
[[0;32m  OK  [0m] Started Wait until snapd is fully seeded.
         Starting Apply the settings specified in cloud-config...
         Starting User Manager for UID 1000...
[[0;32m  OK  [0m] Started Dispatcher daemon for systemd-networkd.
[[0;32m  OK  [0m] Started Session 1 of user vagrant.
[[0;32m  OK  [0m] Started vboxadd.service.
         Starting vboxadd-service.service...
[[0;32m  OK  [0m] Started vboxadd-service.service.
[[0;32m  OK  [0m] Reached target Multi-User System.
[[0;32m  OK  [0m] Reached target Graphical Interface.
         Starting Update UTMP about System Runlevel Changes...
[[0;32m  OK  [0m] Started Update UTMP about System Runlevel Changes.
[[0;32m  OK  [0m] Started User Manager for UID 1000.
[   33.937659] cloud-init[1184]: Cloud-init v. 19.1-1-gbaa47854-0ubuntu1~18.04.1 running 'modules:config' at Fri, 25 Oct 2019 13:22:56 +0000. Up 33.84 seconds.
[[0;32m  OK  [0m] Started Apply the settings specified in cloud-config.
         Starting Execute cloud user/final scripts...
[   34.390935] cloud-init[1349]: Cloud-init v. 19.1-1-gbaa47854-0ubuntu1~18.04.1 running 'modules:final' at Fri, 25 Oct 2019 13:22:56 +0000. Up 34.30 seconds.
[   34.484709] cloud-init[1349]: Cloud-init v. 19.1-1-gbaa47854-0ubuntu1~18.04.1 finished at Fri, 25 Oct 2019 13:22:56 +0000. Datasource DataSourceNoCloud [seed=/dev/sdb][dsmode=net].  Up 34.38 seconds
[[0;32m  OK  [0m] Started Execute cloud user/final scripts.
[[0;32m  OK  [0m] Reached target Cloud-init target.

Ubuntu 18.04.3 LTS ubuntu-bionic ttyS0

ubuntu-bionic login:          Stopping Session 3 of user vagrant.
         Stopping Session 5 of user vagt         Stopping LSB: automatic crash report generation...
[[0;32m  OK  [0m] Stopped Daily Cleanup of Temporary Directories.
[[0;32m  OK  [0m] Unmounted /var/lib/lxcfs.
[[0;32m  OK  [0m] Stopped Deferred execution scheduler.
[[0;32m  OK  [0m] Stopped Regular background program processing daemon.
[[0;32m  OK  [0m] Stopped irqbalance daemon.
[[0;32m  OK  [0m] Stopped Accounts Service.
[[0;32m  OK  [0m] Stopped System Logging Service.
[[0;32m  OK  [0m] Stopped Dispatcher daemon for systemd-networkd.
[[0;32m  OK  [0m] Stopped OpenBSD Secure Shell server.
[[0;32m  OK  [0m] Stopped Authorization Manager.
[[0;32m  OK  [0m] Stopped Unattended Upgrades Shutdown.
[[0;32m  OK  [0m] Stopped Serial Getty on ttyS0.
[[0;32m  OK  [0m] Stopped Getty on tty1.
[[0;32m  OK  [0m] Stopped User Manager for UID 1000.
[[0;32m  OK  [0m] Stopped Availability of block devices.
[[0;32m  OK  [0m] Stopped D-Bus System Message Bus.
[[0;32m  OK  [0m] Stopped FUSE filesystem for LXC.
[[0;32m  OK  [0m] Stopped Session 5 of user vagrant.
[[0;32m  OK  [0m] Stopped LXD - container startup/shutdown.
[[0;32m  OK  [0m] Removed slice system-getty.slice.
[[0;32m  OK  [0m] Removed slice system-serial\x2dgetty.slice.
[[0;32m  OK  [0m] Stopped vboxadd-service.service.
[[0;32m  OK  [0m] Stopped LSB: Record successful boot for GRUB.
[[0;32m  OK  [0m] Stopped LSB: automatic crash report generation.
         Stopping vboxadd.service...
[[0;32m  OK  [0m] Stopped vboxadd.service.
[[0m[0;31m*     [0m] A stop job is running for Session 3 of user vagrant (5s / 1min 30s)[K[[0;1;31m*[0m[0;31m*    [0m] A stop job is running for Session 3 of user vagrant (6s / 1min 30s)[K[[0;31m*[0;1;31m*[0m[0;31m*   [0m] A stop job is running for Session 3 of user vagrant (7s / 1min 30s)[K[ [0;31m*[0;1;31m*[0m[0;31m*  [0m] A stop job is running for Session 3 of user vagrant (7s / 1min 30s)[K[  [0;31m*[0;1;31m*[0m[0;31m* [0m] A stop job is running for Session 3 of user vagrant (8s / 1min 30s)[K[   [0;31m*[0;1;31m*[0m[0;31m*[0m] A stop job is running for Session 3 of user vagrant (8s / 1min 30s)[K[    [0;31m*[0;1;31m*[0m] A stop job is running for Session 3 of user vagrant (9s / 1min 30s)[K[     [0;31m*[0m] A stop job is running for Session 3 of user vagrant (9s / 1min 30s)[K[    [0;31m*[0;1;31m*[0m] A stop job is running for Session 3 of user vagrant (10s / 1min 30s)[K[   [0;31m*[0;1;31m*[0m[0;31m*[0m] A stop job is running for Session 3 of user vagrant (10s / 1min 30s)[K[  [0;31m*[0;1;31m*[0m[0;31m* [0m] A stop job is running for Session 3 of user vagrant (11s / 1min 30s)[K[ [0;31m*[0;1;31m*[0m[0;31m*  [0m] A stop job is running for Session 3 of user vagrant (11s / 1min 30s)[K[[0;31m*[0;1;31m*[0m[0;31m*   [0m] A stop job is running for Session 3 of user vagrant (12s / 1min 30s)[K[[0;1;31m*[0m[0;31m*    [0m] A stop job is running for Session 3 of user vagrant (12s / 1min 30s)[K[[0m[0;31m*     [0m] A stop job is running for Session 3 of user vagrant (13s / 1min 30s)[K[[0;1;31m*[0m[0;31m*    [0m] A stop job is running for Session 3 of user vagrant (13s / 1min 30s)[K[[0;31m*[0;1;31m*[0m[0;31m*   [0m] A stop job is running for Session 3 of user vagrant (14s / 1min 30s)[K[ [0;31m*[0;1;31m*[0m[0;31m*  [0m] A stop job is running for Session 3 of user vagrant (14s / 1min 30s)[K[  [0;31m*[0;1;31m*[0m[0;31m* [0m] A stop job is running for Session 3 of user vagrant (15s / 1min 30s)[K[   [0;31m*[0;1;31m*[0m[0;31m*[0m] A stop job is running for Session 3 of user vagrant (15s / 1min 30s)[K[    [0;31m*[0;1;31m*[0m] A stop job is running for Session 3 of user vagrant (16s / 1min 30s)[K[     [0;31m*[0m] A stop job is running for Session 3 of user vagrant (16s / 1min 30s)[K[    [0;31m*[0;1;31m*[0m] A stop job is running for Session 3 of user vagrant (17s / 1min 30s)[K[   [0;31m*[0;1;31m*[0m[0;31m*[0m] A stop job is running for Session 3 of user vagrant (17s / 1min 30s)[K[  [0;31m*[0;1;31m*[0m[0;31m* [0m] A stop job is running for Session 3 of user vagrant (18s / 1min 30s)[K[ [0;31m*[0;1;31m*[0m[0;31m*  [0m] A stop job is running for Session 3 of user vagrant (18s / 1min 30s)[K[[0;31m*[0;1;31m*[0m[0;31m*   [0m] A stop job is running for Session 3 of user vagrant (19s / 1min 30s)[K[[0;1;31m*[0m[0;31m*    [0m] A stop job is running for Session 3 of user vagrant (19s / 1min 30s)[K[[0m[0;31m*     [0m] A stop job is running for Session 3 of user vagrant (20s / 1min 30s)[K[[0;1;31m*[0m[0;31m*    [0m] A stop job is running for Session 3 of user vagrant (20s / 1min 30s)[K[[0;31m*[0;1;31m*[0m[0;31m*   [0m] A stop job is running for Session 3 of user vagrant (21s / 1min 30s)[K[ [0;31m*[0;1;31m*[0m[0;31m*  [0m] A stop job is running for Session 3 of user vagrant (21s / 1min 30s)[K[  [0;31m*[0;1;31m*[0m[0;31m* [0m] A stop job is running for Session 3 of user vagrant (22s / 1min 30s)[K[   [0;31m*[0;1;31m*[0m[0;31m*[0m] A stop job is running for Session 3 of user vagrant (22s / 1min 30s)[K[    [0;31m*[0;1;31m*[0m] A stop job is running for Session 3 of user vagrant (23s / 1min 30s)[K[     [0;31m*[0m] A stop job is running for Session 3 of user vagrant (23s / 1min 30s)[K[    [0;31m*[0;1;31m*[0m] A stop job is running for Session 3 of user vagrant (24s / 1min 30s)[K[   [0;31m*[0;1;31m*[0m[0;31m*[0m] A stop job is running for Session 3 of user vagrant (24s / 1min 30s)[K[  [0;31m*[0;1;31m*[0m[0;31m* [0m] A stop job is running for Session 3 of user vagrant (25s / 1min 30s)[K[ [0;31m*[0;1;31m*[0m[0;31m*  [0m] A stop job is running for Session 3 of user vagrant (25s / 1min 30s)[K[[0;31m*[0;1;31m*[0m[0;31m*   [0m] A stop job is running for Session 3 of user vagrant (26s / 1min 30s)[K[[0;1;31m*[0m[0;31m*    [0m] A stop job is running for Session 3 of user vagrant (26s / 1min 30s)[K[[0m[0;31m*     [0m] A stop job is running for Session 3 of user vagrant (27s / 1min 30s)[K[[0;1;31m*[0m[0;31m*    [0m] A stop job is running for Session 3 of user vagrant (27s / 1min 30s)[K[[0;31m*[0;1;31m*[0m[0;31m*   [0m] A stop job is running for Session 3 of user vagrant (28s / 1min 30s)[K[ [0;31m*[0;1;31m*[0m[0;31m*  [0m] A stop job is running for Session 3 of user vagrant (28s / 1min 30s)[K[  [0;31m*[0;1;31m*[0m[0;31m* [0m] A stop job is running for Session 3 of user vagrant (29s / 1min 30s)[K[   [0;31m*[0;1;31m*[0m[0;31m*[0m] A stop job is running for Session 3 of user vagrant (29s / 1min 30s)[K[    [0;31m*[0;1;31m*[0m] A stop job is running for Session 3 of user vagrant (30s / 1min 30s)[K[     [0;31m*[0m] A stop job is running for Session 3 of user vagrant (30s / 1min 30s)[K[    [0;31m*[0;1;31m*[0m] A stop job is running for Session 3 of user vagrant (31s / 1min 30s)[K[   [0;31m*[0;1;31m*[0m[0;31m*[0m] A stop job is running for Session 3 of user vagrant (31s / 1min 30s)[K[  [0;31m*[0;1;31m*[0m[0;31m* [0m] A stop job is running for Session 3 of user vagrant (32s / 1min 30s)[K[ [0;31m*[0;1;31m*[0m[0;31m*  [0m] A stop job is running for Session 3 of user vagrant (32s / 1min 30s)[K[[0;31m*[0;1;31m*[0m[0;31m*   [0m] A stop job is running for Session 3 of user vagrant (33s / 1min 30s)[K[[0;1;31m*[0m[0;31m*    [0m] A stop job is running for Session 3 of user vagrant (33s / 1min 30s)[K[[0m[0;31m*     [0m] A stop job is running for Session 3 of user vagrant (34s / 1min 30s)[K[[0;1;31m*[0m[0;31m*    [0m] A stop job is running for Session 3 of user vagrant (34s / 1min 30s)[K[[0;31m*[0;1;31m*[0m[0;31m*   [0m] A stop job is running for Session 3 of user vagrant (35s / 1min 30s)[K[ [0;31m*[0;1;31m*[0m[0;31m*  [0m] A stop job is running for Session 3 of user vagrant (35s / 1min 30s)[K[  [0;31m*[0;1;31m*[0m[0;31m* [0m] A stop job is running for Session 3 of user vagrant (36s / 1min 30s)[K[   [0;31m*[0;1;31m*[0m[0;31m*[0m] A stop job is running for Session 3 of user vagrant (36s / 1min 30s)[K[    [0;31m*[0;1;31m*[0m] A stop job is running for Session 3 of user vagrant (37s / 1min 30s)[K[     [0;31m*[0m] A stop job is running for Session 3 of user vagrant (37s / 1min 30s)[K[    [0;31m*[0;1;31m*[0m] A stop job is running for Session 3 of user vagrant (38s / 1min 30s)[K[   [0;31m*[0;1;31m*[0m[0;31m*[0m] A stop job is running for Session 3 of user vagrant (38s / 1min 30s)[K[  [0;31m*[0;1;31m*[0m[0;31m* [0m] A stop job is running for Session 3 of user vagrant (39s / 1min 30s)[K[ [0;31m*[0;1;31m*[0m[0;31m*  [0m] A stop job is running for Session 3 of user vagrant (39s / 1min 30s)[K[[0;31m*[0;1;31m*[0m[0;31m*   [0m] A stop job is running for Session 3 of user vagrant (40s / 1min 30s)[K[[0;1;31m*[0m[0;31m*    [0m] A stop job is running for Session 3 of user vagrant (40s / 1min 30s)[K[[0m[0;31m*     [0m] A stop job is running for Session 3 of user vagrant (41s / 1min 30s)[K[[0;1;31m*[0m[0;31m*    [0m] A stop job is running for Session 3 of user vagrant (41s / 1min 30s)[K[[0;31m*[0;1;31m*[0m[0;31m*   [0m] A stop job is running for Session 3 of user vagrant (42s / 1min 30s)[K[ [0;31m*[0;1;31m*[0m[0;31m*  [0m] A stop job is running for Session 3 of user vagrant (42s / 1min 30s)[K[  [0;31m*[0;1;31m*[0m[0;31m* [0m] A stop job is running for Session 3 of user vagrant (43s / 1min 30s)[K[   [0;31m*[0;1;31m*[0m[0;31m*[0m] A stop job is running for Session 3 of user vagrant (43s / 1min 30s)[K[    [0;31m*[0;1;31m*[0m] A stop job is running for Session 3 of user vagrant (44s / 1min 30s)[K[     [0;31m*[0m] A stop job is running for Session 3 of user vagrant (44s / 1min 30s)[K[    [0;31m*[0;1;31m*[0m] A stop job is running for Session 3 of user vagrant (45s / 1min 30s)[K[   [0;31m*[0;1;31m*[0m[0;31m*[0m] A stop job is running for Session 3 of user vagrant (45s / 1min 30s)[K[  [0;31m*[0;1;31m*[0m[0;31m* [0m] A stop job is running for Session 3 of user vagrant (46s / 1min 30s)[K[ [0;31m*[0;1;31m*[0m[0;31m*  [0m] A stop job is running for Session 3 of user vagrant (46s / 1min 30s)[K[[0;31m*[0;1;31m*[0m[0;31m*   [0m] A stop job is running for Session 3 of user vagrant (47s / 1min 30s)[K[[0;1;31m*[0m[0;31m*    [0m] A stop job is running for Session 3 of user vagrant (47s / 1min 30s)[K[[0m[0;31m*     [0m] A stop job is running for Session 3 of user vagrant (48s / 1min 30s)[K[[0;1;31m*[0m[0;31m*    [0m] A stop job is running for Session 3 of user vagrant (48s / 1min 30s)[K[[0;31m*[0;1;31m*[0m[0;31m*   [0m] A stop job is running for Session 3 of user vagrant (49s / 1min 30s)[K[ [0;31m*[0;1;31m*[0m[0;31m*  [0m] A stop job is running for Session 3 of user vagrant (49s / 1min 30s)[K[  [0;31m*[0;1;31m*[0m[0;31m* [0m] A stop job is running for Session 3 of user vagrant (50s / 1min 30s)[K[   [0;31m*[0;1;31m*[0m[0;31m*[0m] A stop job is running for Session 3 of user vagrant (50s / 1min 30s)[K[    [0;31m*[0;1;31m*[0m] A stop job is running for Session 3 of user vagrant (51s / 1min 30s)[K[     [0;31m*[0m] A stop job is running for Session 3 of user vagrant (51s / 1min 30s)[K[    [0;31m*[0;1;31m*[0m] A stop job is running for Session 3 of user vagrant (52s / 1min 30s)[K[   [0;31m*[0;1;31m*[0m[0;31m*[0m] A stop job is running for Session 3 of user vagrant (52s / 1min 30s)[K[  [0;31m*[0;1;31m*[0m[0;31m* [0m] A stop job is running for Session 3 of user vagrant (53s / 1min 30s)[K[ [0;31m*[0;1;31m*[0m[0;31m*  [0m] A stop job is running for Session 3 of user vagrant (53s / 1min 30s)[K[[0;31m*[0;1;31m*[0m[0;31m*   [0m] A stop job is running for Session 3 of user vagrant (54s / 1min 30s)[K[[0;1;31m*[0m[0;31m*    [0m] A stop job is running for Session 3 of user vagrant (54s / 1min 30s)[K[[0m[0;31m*     [0m] A stop job is running for Session 3 of user vagrant (55s / 1min 30s)[K[[0;1;31m*[0m[0;31m*    [0m] A stop job is running for Session 3 of user vagrant (55s / 1min 30s)[K[[0;31m*[0;1;31m*[0m[0;31m*   [0m] A stop job is running for Session 3 of user vagrant (56s / 1min 30s)[K[ [0;31m*[0;1;31m*[0m[0;31m*  [0m] A stop job is running for Session 3 of user vagrant (56s / 1min 30s)[K[  [0;31m*[0;1;31m*[0m[0;31m* [0m] A stop job is running for Session 3 of user vagrant (57s / 1min 30s)[K[   [0;31m*[0;1;31m*[0m[0;31m*[0m] A stop job is running for Session 3 of user vagrant (57s / 1min 30s)[K[    [0;31m*[0;1;31m*[0m] A stop job is running for Session 3 of user vagrant (58s / 1min 30s)[K[     [0;31m*[0m] A stop job is running for Session 3 of user vagrant (58s / 1min 30s)[K[    [0;31m*[0;1;31m*[0m] A stop job is running for Session 3 of user vagrant (59s / 1min 30s)[K[   [0;31m*[0;1;31m*[0m[0;31m*[0m] A stop job is running for Session 3 of user vagrant (59s / 1min 30s)